SCENARIO	Name	Model	NDC
SSP2_BaU_NoCC	Baseline	Default	none
SSP2_500C_CACN_FullComb_NoCC	500C	Integration(IST)	off
SSP2_500C_CACN_HighCapFor_NoCC	500C	Investment(AI)	off
SSP2_500C_CACN_LED_NoCC	500C	EnergyDemand(EDC)	off
SSP2_500C_CACN_LEFD_NoCC	500C	Food(FST)	off
SSP2_500C_CACN_LRE_NoCC	500C	EnergySupply(ESC)	off
SSP2_500C_CACN_NoCC	500C	Default	off
SSP2_600C_CACN_FullComb_NoCC	600C	Integration(IST)	off
SSP2_600C_CACN_HighCapFor_NoCC	600C	Investment(AI)	off
SSP2_600C_CACN_LED_NoCC	600C	EnergyDemand(EDC)	off
SSP2_600C_CACN_LEFD_NoCC	600C	Food(FST)	off
SSP2_600C_CACN_LRE_NoCC	600C	EnergySupply(ESC)	off
SSP2_600C_CACN_NoCC	600C	Default	off
SSP2_700C_CACN_FullComb_NoCC	700C	Integration(IST)	off
SSP2_700C_CACN_HighCapFor_NoCC	700C	Investment(AI)	off
SSP2_700C_CACN_LED_NoCC	700C	EnergyDemand(EDC)	off
SSP2_700C_CACN_LEFD_NoCC	700C	Food(FST)	off
SSP2_700C_CACN_LRE_NoCC	700C	EnergySupply(ESC)	off
SSP2_700C_CACN_NoCC	700C	Default	off
SSP2_800C_CACN_FullComb_NoCC	800C	Integration(IST)	off
SSP2_800C_CACN_HighCapFor_NoCC	800C	Investment(AI)	off
SSP2_800C_CACN_LED_NoCC	800C	EnergyDemand(EDC)	off
SSP2_800C_CACN_LEFD_NoCC	800C	Food(FST)	off
SSP2_800C_CACN_LRE_NoCC	800C	EnergySupply(ESC)	off
SSP2_800C_CACN_NoCC	800C	Default	off
SSP2_900C_CACN_FullComb_NoCC	900C	Integration(IST)	off
SSP2_900C_CACN_HighCapFor_NoCC	900C	Investment(AI)	off
SSP2_900C_CACN_LED_NoCC	900C	EnergyDemand(EDC)	off
SSP2_900C_CACN_LEFD_NoCC	900C	Food(FST)	off
SSP2_900C_CACN_LRE_NoCC	900C	EnergySupply(ESC)	off
SSP2_900C_CACN_NoCC	900C	Default	off
SSP2_1000C_CACN_FullComb_NoCC	1000C	Integration(IST)	off
SSP2_1000C_CACN_HighCapFor_NoCC	1000C	Investment(AI)	off
SSP2_1000C_CACN_LED_NoCC	1000C	EnergyDemand(EDC)	off
SSP2_1000C_CACN_LEFD_NoCC	1000C	Food(FST)	off
SSP2_1000C_CACN_LRE_NoCC	1000C	EnergySupply(ESC)	off
SSP2_1000C_CACN_NoCC	1000C	Default	off
SSP2_1100C_CACN_FullComb_NoCC	1100C	Integration(IST)	off
SSP2_1100C_CACN_HighCapFor_NoCC	1100C	Investment(AI)	off
SSP2_1100C_CACN_LED_NoCC	1100C	EnergyDemand(EDC)	off
SSP2_1100C_CACN_LEFD_NoCC	1100C	Food(FST)	off
SSP2_1100C_CACN_LRE_NoCC	1100C	EnergySupply(ESC)	off
SSP2_1100C_CACN_NoCC	1100C	Default	off
SSP2_1200C_CACN_FullComb_NoCC	1200C	Integration(IST)	off
SSP2_1200C_CACN_HighCapFor_NoCC	1200C	Investment(AI)	off
SSP2_1200C_CACN_LED_NoCC	1200C	EnergyDemand(EDC)	off
SSP2_1200C_CACN_LEFD_NoCC	1200C	Food(FST)	off
SSP2_1200C_CACN_LRE_NoCC	1200C	EnergySupply(ESC)	off
SSP2_1200C_CACN_NoCC	1200C	Default	off
SSP2_1300C_CACN_FullComb_NoCC	1300C	Integration(IST)	off
SSP2_1300C_CACN_HighCapFor_NoCC	1300C	Investment(AI)	off
SSP2_1300C_CACN_LED_NoCC	1300C	EnergyDemand(EDC)	off
SSP2_1300C_CACN_LEFD_NoCC	1300C	Food(FST)	off
SSP2_1300C_CACN_LRE_NoCC	1300C	EnergySupply(ESC)	off
SSP2_1300C_CACN_NoCC	1300C	Default	off
SSP2_1400C_CACN_FullComb_NoCC	1400C	Integration(IST)	off
SSP2_1400C_CACN_HighCapFor_NoCC	1400C	Investment(AI)	off
SSP2_1400C_CACN_LED_NoCC	1400C	EnergyDemand(EDC)	off
SSP2_1400C_CACN_LEFD_NoCC	1400C	Food(FST)	off
SSP2_1400C_CACN_LRE_NoCC	1400C	EnergySupply(ESC)	off
SSP2_1400C_CACN_NoCC	1400C	Default	off
SSP2_1000C_INDC_FullComb_NoCC	1000C	Integration(IST)	on
SSP2_1000C_INDC_HighCapFor_NoCC	1000C	Investment(AI)	on
SSP2_1000C_INDC_LED_NoCC	1000C	EnergyDemand(EDC)	on
SSP2_1000C_INDC_LEFD_NoCC	1000C	Food(FST)	on
SSP2_1000C_INDC_LRE_NoCC	1000C	EnergySupply(ESC)	on
SSP2_1000C_INDC_NoCC	1000C	Default	on
