SCENARIO	Name	Model
SSP2_1000C_CACN_FullComb_NoCC	1000C	FullComb
SSP2_1000C_CACN_HighCapFor_NoCC	1000C	Inv
SSP2_1000C_CACN_LED_NoCC	1000C	Dem
SSP2_1000C_CACN_LEFD_NoCC	1000C	Food
SSP2_1000C_CACN_LRE_NoCC	1000C	Sup
SSP2_1000C_CACN_NoCC	1000C	Def
SSP2_1100C_CACN_FullComb_NoCC	1100C	FullComb
SSP2_1100C_CACN_HighCapFor_NoCC	1100C	Inv
SSP2_1100C_CACN_LED_NoCC	1100C	Dem
SSP2_1100C_CACN_LEFD_NoCC	1100C	Food
SSP2_1100C_CACN_LRE_NoCC	1100C	Sup
SSP2_1100C_CACN_NoCC	1100C	Def
SSP2_500C_CACN_FullComb_NoCC	500C	FullComb
SSP2_500C_CACN_HighCapFor_NoCC	500C	Inv
SSP2_500C_CACN_LED_NoCC	500C	Dem
SSP2_500C_CACN_LEFD_NoCC	500C	Food
SSP2_500C_CACN_LRE_NoCC	500C	Sup
SSP2_500C_CACN_NoCC	500C	Def
SSP2_600C_CACN_FullComb_NoCC	600C	FullComb
SSP2_600C_CACN_HighCapFor_NoCC	600C	Inv
SSP2_600C_CACN_LED_NoCC	600C	Dem
SSP2_600C_CACN_LEFD_NoCC	600C	Food
SSP2_600C_CACN_LRE_NoCC	600C	Sup
SSP2_600C_CACN_NoCC	600C	Def
SSP2_700C_CACN_FullComb_NoCC	700C	FullComb
SSP2_700C_CACN_HighCapFor_NoCC	700C	Inv
SSP2_700C_CACN_LED_NoCC	700C	Dem
SSP2_700C_CACN_LEFD_NoCC	700C	Food
SSP2_700C_CACN_LRE_NoCC	700C	Sup
SSP2_700C_CACN_NoCC	700C	Def
SSP2_800C_CACN_FullComb_NoCC	800C	FullComb
SSP2_800C_CACN_HighCapFor_NoCC	800C	Inv
SSP2_800C_CACN_LED_NoCC	800C	Dem
SSP2_800C_CACN_LEFD_NoCC	800C	Food
SSP2_800C_CACN_LRE_NoCC	800C	Sup
SSP2_800C_CACN_NoCC	800C	Def
SSP2_900C_CACN_FullComb_NoCC	900C	FullComb
SSP2_900C_CACN_HighCapFor_NoCC	900C	Inv
SSP2_900C_CACN_LED_NoCC	900C	Dem
SSP2_900C_CACN_LEFD_NoCC	900C	Food
SSP2_900C_CACN_LRE_NoCC	900C	Sup
SSP2_900C_CACN_NoCC	900C	Def
