SCENARIO	Name	Model	NDC
SSP2_BaU_NoCC	Baseline	Def	none
SSP2_500C_CACN_FullComb_NoCC	500C	FullComb	off
SSP2_500C_CACN_HighCapFor_NoCC	500C	Inv	off
SSP2_500C_CACN_LED_NoCC	500C	Dem	off
SSP2_500C_CACN_LEFD_NoCC	500C	Food	off
SSP2_500C_CACN_LRE_NoCC	500C	Sup	off
SSP2_500C_CACN_NoCC	500C	Def	off
SSP2_600C_CACN_FullComb_NoCC	600C	FullComb	off
SSP2_600C_CACN_HighCapFor_NoCC	600C	Inv	off
SSP2_600C_CACN_LED_NoCC	600C	Dem	off
SSP2_600C_CACN_LEFD_NoCC	600C	Food	off
SSP2_600C_CACN_LRE_NoCC	600C	Sup	off
SSP2_600C_CACN_NoCC	600C	Def	off
SSP2_700C_CACN_FullComb_NoCC	700C	FullComb	off
SSP2_700C_CACN_HighCapFor_NoCC	700C	Inv	off
SSP2_700C_CACN_LED_NoCC	700C	Dem	off
SSP2_700C_CACN_LEFD_NoCC	700C	Food	off
SSP2_700C_CACN_LRE_NoCC	700C	Sup	off
SSP2_700C_CACN_NoCC	700C	Def	off
SSP2_800C_CACN_FullComb_NoCC	800C	FullComb	off
SSP2_800C_CACN_HighCapFor_NoCC	800C	Inv	off
SSP2_800C_CACN_LED_NoCC	800C	Dem	off
SSP2_800C_CACN_LEFD_NoCC	800C	Food	off
SSP2_800C_CACN_LRE_NoCC	800C	Sup	off
SSP2_800C_CACN_NoCC	800C	Def	off
SSP2_900C_CACN_FullComb_NoCC	900C	FullComb	off
SSP2_900C_CACN_HighCapFor_NoCC	900C	Inv	off
SSP2_900C_CACN_LED_NoCC	900C	Dem	off
SSP2_900C_CACN_LEFD_NoCC	900C	Food	off
SSP2_900C_CACN_LRE_NoCC	900C	Sup	off
SSP2_900C_CACN_NoCC	900C	Def	off
SSP2_1000C_CACN_FullComb_NoCC	1000C	FullComb	off
SSP2_1000C_CACN_HighCapFor_NoCC	1000C	Inv	off
SSP2_1000C_CACN_LED_NoCC	1000C	Dem	off
SSP2_1000C_CACN_LEFD_NoCC	1000C	Food	off
SSP2_1000C_CACN_LRE_NoCC	1000C	Sup	off
SSP2_1000C_CACN_NoCC	1000C	Def	off
SSP2_1100C_CACN_FullComb_NoCC	1100C	FullComb	off
SSP2_1100C_CACN_HighCapFor_NoCC	1100C	Inv	off
SSP2_1100C_CACN_LED_NoCC	1100C	Dem	off
SSP2_1100C_CACN_LEFD_NoCC	1100C	Food	off
SSP2_1100C_CACN_LRE_NoCC	1100C	Sup	off
SSP2_1100C_CACN_NoCC	1100C	Def	off
SSP2_1200C_CACN_FullComb_NoCC	1200C	FullComb	off
SSP2_1200C_CACN_HighCapFor_NoCC	1200C	Inv	off
SSP2_1200C_CACN_LED_NoCC	1200C	Dem	off
SSP2_1200C_CACN_LEFD_NoCC	1200C	Food	off
SSP2_1200C_CACN_LRE_NoCC	1200C	Sup	off
SSP2_1200C_CACN_NoCC	1200C	Def	off
SSP2_1300C_CACN_FullComb_NoCC	1300C	FullComb	off
SSP2_1300C_CACN_HighCapFor_NoCC	1300C	Inv	off
SSP2_1300C_CACN_LED_NoCC	1300C	Dem	off
SSP2_1300C_CACN_LEFD_NoCC	1300C	Food	off
SSP2_1300C_CACN_LRE_NoCC	1300C	Sup	off
SSP2_1300C_CACN_NoCC	1300C	Def	off
SSP2_1400C_CACN_FullComb_NoCC	1400C	FullComb	off
SSP2_1400C_CACN_HighCapFor_NoCC	1400C	Inv	off
SSP2_1400C_CACN_LED_NoCC	1400C	Dem	off
SSP2_1400C_CACN_LEFD_NoCC	1400C	Food	off
SSP2_1400C_CACN_LRE_NoCC	1400C	Sup	off
SSP2_1400C_CACN_NoCC	1400C	Def	off
SSP2_1000C_INDC_FullComb_NoCC	1000C	FullComb	on
SSP2_1000C_INDC_HighCapFor_NoCC	1000C	Inv	on
SSP2_1000C_INDC_LED_NoCC	1000C	Dem	on
SSP2_1000C_INDC_LEFD_NoCC	1000C	Food	on
SSP2_1000C_INDC_LRE_NoCC	1000C	Sup	on
SSP2_1000C_INDC_NoCC	1000C	Def	on
