SSP2_1000C_CACN_FullComb_NoCC	.	SSP2_1000C_CACN_NoCC
SSP2_1000C_CACN_HighCapFor_NoCC	.	SSP2_1000C_CACN_NoCC
SSP2_1000C_CACN_LED_NoCC	.	SSP2_1000C_CACN_NoCC
SSP2_1000C_CACN_LEFD_NoCC	.	SSP2_1000C_CACN_NoCC
SSP2_1000C_CACN_LRE_NoCC	.	SSP2_1000C_CACN_NoCC
SSP2_1000C_CACN_NoCC	.	SSP2_1000C_CACN_NoCC
SSP2_1100C_CACN_FullComb_NoCC	.	SSP2_1100C_CACN_NoCC
SSP2_1100C_CACN_HighCapFor_NoCC	.	SSP2_1100C_CACN_NoCC
SSP2_1100C_CACN_LED_NoCC	.	SSP2_1100C_CACN_NoCC
SSP2_1100C_CACN_LEFD_NoCC	.	SSP2_1100C_CACN_NoCC
SSP2_1100C_CACN_LRE_NoCC	.	SSP2_1100C_CACN_NoCC
SSP2_1100C_CACN_NoCC	.	SSP2_1100C_CACN_NoCC
SSP2_400C_CACN_FullComb_NoCC	.	SSP2_400C_CACN_NoCC
SSP2_400C_CACN_HighCapFor_NoCC	.	SSP2_400C_CACN_NoCC
SSP2_400C_CACN_LED_NoCC	.	SSP2_400C_CACN_NoCC
SSP2_400C_CACN_LEFD_NoCC	.	SSP2_400C_CACN_NoCC
SSP2_400C_CACN_LRE_NoCC	.	SSP2_400C_CACN_NoCC
SSP2_400C_CACN_NoCC	.	SSP2_400C_CACN_NoCC
SSP2_500C_CACN_FullComb_NoCC	.	SSP2_500C_CACN_NoCC
SSP2_500C_CACN_HighCapFor_NoCC	.	SSP2_500C_CACN_NoCC
SSP2_500C_CACN_LED_NoCC	.	SSP2_500C_CACN_NoCC
SSP2_500C_CACN_LEFD_NoCC	.	SSP2_500C_CACN_NoCC
SSP2_500C_CACN_LRE_NoCC	.	SSP2_500C_CACN_NoCC
SSP2_500C_CACN_NoCC	.	SSP2_500C_CACN_NoCC
SSP2_600C_CACN_FullComb_NoCC	.	SSP2_600C_CACN_NoCC
SSP2_600C_CACN_HighCapFor_NoCC	.	SSP2_600C_CACN_NoCC
SSP2_600C_CACN_LED_NoCC	.	SSP2_600C_CACN_NoCC
SSP2_600C_CACN_LEFD_NoCC	.	SSP2_600C_CACN_NoCC
SSP2_600C_CACN_LRE_NoCC	.	SSP2_600C_CACN_NoCC
SSP2_600C_CACN_NoCC	.	SSP2_600C_CACN_NoCC
SSP2_700C_CACN_FullComb_NoCC	.	SSP2_700C_CACN_NoCC
SSP2_700C_CACN_HighCapFor_NoCC	.	SSP2_700C_CACN_NoCC
SSP2_700C_CACN_LED_NoCC	.	SSP2_700C_CACN_NoCC
SSP2_700C_CACN_LEFD_NoCC	.	SSP2_700C_CACN_NoCC
SSP2_700C_CACN_LRE_NoCC	.	SSP2_700C_CACN_NoCC
SSP2_700C_CACN_NoCC	.	SSP2_700C_CACN_NoCC
SSP2_800C_CACN_FullComb_NoCC	.	SSP2_800C_CACN_NoCC
SSP2_800C_CACN_HighCapFor_NoCC	.	SSP2_800C_CACN_NoCC
SSP2_800C_CACN_LED_NoCC	.	SSP2_800C_CACN_NoCC
SSP2_800C_CACN_LEFD_NoCC	.	SSP2_800C_CACN_NoCC
SSP2_800C_CACN_LRE_NoCC	.	SSP2_800C_CACN_NoCC
SSP2_800C_CACN_NoCC	.	SSP2_800C_CACN_NoCC
SSP2_900C_CACN_FullComb_NoCC	.	SSP2_900C_CACN_NoCC
SSP2_900C_CACN_HighCapFor_NoCC	.	SSP2_900C_CACN_NoCC
SSP2_900C_CACN_LED_NoCC	.	SSP2_900C_CACN_NoCC
SSP2_900C_CACN_LEFD_NoCC	.	SSP2_900C_CACN_NoCC
SSP2_900C_CACN_LRE_NoCC	.	SSP2_900C_CACN_NoCC
SSP2_900C_CACN_NoCC	.	SSP2_900C_CACN_NoCC
SSP2_1200C_CACN_FullComb_NoCC	.	SSP2_1200C_CACN_NoCC
SSP2_1200C_CACN_HighCapFor_NoCC	.	SSP2_1200C_CACN_NoCC
SSP2_1200C_CACN_LED_NoCC	.	SSP2_1200C_CACN_NoCC
SSP2_1200C_CACN_LEFD_NoCC	.	SSP2_1200C_CACN_NoCC
SSP2_1200C_CACN_LRE_NoCC	.	SSP2_1200C_CACN_NoCC
SSP2_1200C_CACN_NoCC	.	SSP2_1200C_CACN_NoCC
SSP2_1300C_CACN_FullComb_NoCC	.	SSP2_1300C_CACN_NoCC
SSP2_1300C_CACN_HighCapFor_NoCC	.	SSP2_1300C_CACN_NoCC
SSP2_1300C_CACN_LED_NoCC	.	SSP2_1300C_CACN_NoCC
SSP2_1300C_CACN_LEFD_NoCC	.	SSP2_1300C_CACN_NoCC
SSP2_1300C_CACN_LRE_NoCC	.	SSP2_1300C_CACN_NoCC
SSP2_1300C_CACN_NoCC	.	SSP2_1300C_CACN_NoCC
SSP2_1000C_INDC_FullComb_NoCC	.	SSP2_1000C_INDC_NoCC
SSP2_1000C_INDC_HighCapFor_NoCC	.	SSP2_1000C_INDC_NoCC
SSP2_1000C_INDC_LED_NoCC	.	SSP2_1000C_INDC_NoCC
SSP2_1000C_INDC_LEFD_NoCC	.	SSP2_1000C_INDC_NoCC
SSP2_1000C_INDC_LRE_NoCC	.	SSP2_1000C_INDC_NoCC
SSP2_1000C_INDC_NoCC	.	SSP2_1000C_INDC_NoCC
